===========================
Running on node: tcn924
Array job index: 0
Started: Fri Dec  5 09:20:11 CET 2025
===========================
Python module loaded.
Activated virtual environment.
Configured Gurobi runtime paths.
Working directory: /home/scur1696/AdOpT-NET0-RegToNation/generic_node_optimization
[SLURM] Detected CPU total: 192
[CONFIG] Using 6 workers × 12 threads (total 72 threads)
[SAMPLING] Method: LATIN HYPERCUBe SAMPLING
   Full grid would be: 1080 combinations
   LHS samples: 50
   Reduction: 95.4%

[OK] Total combinations: 50
[ARRAY] SLURM_ARRAY_TASK_ID=0, SLURM_ARRAY_TASK_COUNT=2
[ARRAY] This job is chunk index 0 of 2
[ARRAY] This job will run 25 combinations out of 50
[OK] Total runs to execute in THIS JOB: 25

[CONFIG] System configuration:
   - Strategy: Manual configuration
   - Total logical processors: 192
   - Parallel workers: 6
   - Threads per worker: 12
   - Total thread usage: 72 (of 192)
   - CPU utilization: 37.5%
   [INFO] Conservative CPU usage (37.5%)
       Consider increasing workers or threads_per_worker for better performance

================================================================================
PARALLEL CREATION + GUROBI-ENV OPTIMIZATION RUNNER
================================================================================
Total runs: 25
Max parallel workers: 6
Threads per worker: 12
Results folder: /gpfs/home3/scur1696/AdOpT-NET0-RegToNation/generic_node_optimization/results/parallel_creation_test_20251205_092020/task_000
================================================================================


================================================================================
PHASE 1: Creating 25 models in PARALLEL
Using 'spawn' context for clean process separation
================================================================================

