Lmod has detected the following error: These module(s) or extension(s) exist
but cannot be loaded as requested: "Python/3.13.1-GCCcore-14.2.0"
   Try: "module spider Python/3.13.1-GCCcore-14.2.0" to see how to load the
module(s).



/gpfs/home3/scur1696/AdOpT-NET0-RegToNation/adopt_net0/data_management/handle_input_data.py:517: UserWarning: size_max_defined_per_arc==0, but you defined a file for it for network hydrogenPipelineOnshore_lowP
  warn(
/gpfs/home3/scur1696/AdOpT-NET0-RegToNation/adopt_net0/data_management/handle_input_data.py:517: UserWarning: size_max_defined_per_arc==0, but you defined a file for it for network hydrogenPipelineOnshore_highP
  warn(
/gpfs/home3/scur1696/AdOpT-NET0-RegToNation/adopt_net0/data_management/handle_input_data.py:517: UserWarning: size_max_defined_per_arc==0, but you defined a file for it for network hydrogenPipelineOnshore_lowP
  warn(
/gpfs/home3/scur1696/AdOpT-NET0-RegToNation/adopt_net0/data_management/handle_input_data.py:517: UserWarning: size_max_defined_per_arc==0, but you defined a file for it for network hydrogenPipelineOnshore_highP
  warn(
/gpfs/home3/scur1696/AdOpT-NET0-RegToNation/adopt_net0/data_management/handle_input_data.py:517: UserWarning: size_max_defined_per_arc==0, but you defined a file for it for network hydrogenPipelineOnshore_lowP
  warn(
/gpfs/home3/scur1696/AdOpT-NET0-RegToNation/adopt_net0/data_management/handle_input_data.py:517: UserWarning: size_max_defined_per_arc==0, but you defined a file for it for network hydrogenPipelineOnshore_lowP
  warn(
/gpfs/home3/scur1696/AdOpT-NET0-RegToNation/adopt_net0/data_management/handle_input_data.py:517: UserWarning: size_max_defined_per_arc==0, but you defined a file for it for network hydrogenPipelineOnshore_highP
  warn(
/gpfs/home3/scur1696/AdOpT-NET0-RegToNation/adopt_net0/data_management/handle_input_data.py:517: UserWarning: size_max_defined_per_arc==0, but you defined a file for it for network hydrogenPipelineOnshore_highP
  warn(
/gpfs/home3/scur1696/AdOpT-NET0-RegToNation/adopt_net0/data_management/handle_input_data.py:517: UserWarning: size_max_defined_per_arc==0, but you defined a file for it for network hydrogenPipelineOnshore_lowP
  warn(
/gpfs/home3/scur1696/AdOpT-NET0-RegToNation/adopt_net0/data_management/handle_input_data.py:517: UserWarning: size_max_defined_per_arc==0, but you defined a file for it for network hydrogenPipelineOnshore_highP
  warn(
/gpfs/home3/scur1696/AdOpT-NET0-RegToNation/adopt_net0/data_management/handle_input_data.py:517: UserWarning: size_max_defined_per_arc==0, but you defined a file for it for network hydrogenPipelineOnshore_lowP
  warn(
/gpfs/home3/scur1696/AdOpT-NET0-RegToNation/adopt_net0/data_management/handle_input_data.py:517: UserWarning: size_max_defined_per_arc==0, but you defined a file for it for network hydrogenPipelineOnshore_highP
  warn(
Could not create Model - gurobi message=Too many sessions, 5 active sessions for a baseline of 2

Set parameter WLSAccessID
Set parameter WLSSecret
Set parameter LicenseID to value 2729390

Traceback (most recent call last):
  File "/gpfs/home3/scur1696/AdOpT-NET0-RegToNation/adopt_net0/modelhub.py", line 103, in _perform_preprocessing_checks
    solver.solve(mock_model)
    ~~~~~~~~~~~~^^^^^^^^^^^^
  File "/gpfs/home3/scur1696/AdOpT-NET0-RegToNation/venv/lib/python3.13/site-packages/pyomo/solvers/plugins/solvers/direct_solver.py", line 75, in solve
    self.available(exception_flag=True)
    ~~~~~~~~~~~~~~^^^^^^^^^^^^^^^^^^^^^
  File "/gpfs/home3/scur1696/AdOpT-NET0-RegToNation/venv/lib/python3.13/site-packages/pyomo/solvers/plugins/solvers/gurobi_direct.py", line 232, in available
    raise ApplicationError(
    ...<2 lines>...
    )
pyomo.common.errors.ApplicationError: Could not create Model for <class 'pyomo.solvers.plugins.solvers.gurobi_direct.GurobiDirect'> solver plugin - gurobi message=Could not create Model - gurobi message=Too many sessions, 5 active sessions for a baseline of 2

Set parameter WLSAccessID
Set parameter WLSSecret
Set parameter LicenseID to value 2729390


During handling of the above exception, another exception occurred:

Traceback (most recent call last):
  File "/gpfs/home3/scur1696/AdOpT-NET0-RegToNation/generic_node_optimization/multi_node_run_creation_and_gurobi_optimization_parallel.py", line 153, in solve_single_model
    m.quick_solve()
    ~~~~~~~~~~~~~^^
  File "/gpfs/home3/scur1696/AdOpT-NET0-RegToNation/adopt_net0/modelhub.py", line 434, in quick_solve
    self.construct_model()
    ~~~~~~~~~~~~~~~~~~~~^^
  File "/gpfs/home3/scur1696/AdOpT-NET0-RegToNation/adopt_net0/modelhub.py", line 228, in construct_model
    self._perform_preprocessing_checks()
    ~~~~~~~~~~~~~~~~~~~~~~~~~~~~~~~~~~^^
  File "/gpfs/home3/scur1696/AdOpT-NET0-RegToNation/adopt_net0/modelhub.py", line 105, in _perform_preprocessing_checks
    raise Exception(
    ...<6 lines>...
    )
Exception: The solver you are trying to use is not available. This could be due to the following two reasons: (1) it is not implemented (currently AdOpT-NET0 supports gurobi and glpk. (2) If you are using gurobi, make sure that the gurobipy version installed matches the gurobi version installed.
Could not create Model - gurobi message=Too many sessions, 5 active sessions for a baseline of 2

Set parameter WLSAccessID
Set parameter WLSSecret
Set parameter LicenseID to value 2729390

Traceback (most recent call last):
  File "/gpfs/home3/scur1696/AdOpT-NET0-RegToNation/adopt_net0/modelhub.py", line 103, in _perform_preprocessing_checks
    solver.solve(mock_model)
    ~~~~~~~~~~~~^^^^^^^^^^^^
  File "/gpfs/home3/scur1696/AdOpT-NET0-RegToNation/venv/lib/python3.13/site-packages/pyomo/solvers/plugins/solvers/direct_solver.py", line 75, in solve
    self.available(exception_flag=True)
    ~~~~~~~~~~~~~~^^^^^^^^^^^^^^^^^^^^^
  File "/gpfs/home3/scur1696/AdOpT-NET0-RegToNation/venv/lib/python3.13/site-packages/pyomo/solvers/plugins/solvers/gurobi_direct.py", line 232, in available
    raise ApplicationError(
    ...<2 lines>...
    )
pyomo.common.errors.ApplicationError: Could not create Model for <class 'pyomo.solvers.plugins.solvers.gurobi_direct.GurobiDirect'> solver plugin - gurobi message=Could not create Model - gurobi message=Too many sessions, 5 active sessions for a baseline of 2

Set parameter WLSAccessID
Set parameter WLSSecret
Set parameter LicenseID to value 2729390


During handling of the above exception, another exception occurred:

Traceback (most recent call last):
  File "/gpfs/home3/scur1696/AdOpT-NET0-RegToNation/generic_node_optimization/multi_node_run_creation_and_gurobi_optimization_parallel.py", line 153, in solve_single_model
    m.quick_solve()
    ~~~~~~~~~~~~~^^
  File "/gpfs/home3/scur1696/AdOpT-NET0-RegToNation/adopt_net0/modelhub.py", line 434, in quick_solve
    self.construct_model()
    ~~~~~~~~~~~~~~~~~~~~^^
  File "/gpfs/home3/scur1696/AdOpT-NET0-RegToNation/adopt_net0/modelhub.py", line 228, in construct_model
    self._perform_preprocessing_checks()
    ~~~~~~~~~~~~~~~~~~~~~~~~~~~~~~~~~~^^
  File "/gpfs/home3/scur1696/AdOpT-NET0-RegToNation/adopt_net0/modelhub.py", line 105, in _perform_preprocessing_checks
    raise Exception(
    ...<6 lines>...
    )
Exception: The solver you are trying to use is not available. This could be due to the following two reasons: (1) it is not implemented (currently AdOpT-NET0 supports gurobi and glpk. (2) If you are using gurobi, make sure that the gurobipy version installed matches the gurobi version installed.
Could not create Model - gurobi message=Too many sessions, 5 active sessions for a baseline of 2

Set parameter WLSAccessID
Set parameter WLSSecret
Set parameter LicenseID to value 2729390

Traceback (most recent call last):
  File "/gpfs/home3/scur1696/AdOpT-NET0-RegToNation/adopt_net0/modelhub.py", line 103, in _perform_preprocessing_checks
    solver.solve(mock_model)
    ~~~~~~~~~~~~^^^^^^^^^^^^
  File "/gpfs/home3/scur1696/AdOpT-NET0-RegToNation/venv/lib/python3.13/site-packages/pyomo/solvers/plugins/solvers/direct_solver.py", line 75, in solve
    self.available(exception_flag=True)
    ~~~~~~~~~~~~~~^^^^^^^^^^^^^^^^^^^^^
  File "/gpfs/home3/scur1696/AdOpT-NET0-RegToNation/venv/lib/python3.13/site-packages/pyomo/solvers/plugins/solvers/gurobi_direct.py", line 232, in available
    raise ApplicationError(
    ...<2 lines>...
    )
pyomo.common.errors.ApplicationError: Could not create Model for <class 'pyomo.solvers.plugins.solvers.gurobi_direct.GurobiDirect'> solver plugin - gurobi message=Could not create Model - gurobi message=Too many sessions, 5 active sessions for a baseline of 2

Set parameter WLSAccessID
Set parameter WLSSecret
Set parameter LicenseID to value 2729390


During handling of the above exception, another exception occurred:

Traceback (most recent call last):
  File "/gpfs/home3/scur1696/AdOpT-NET0-RegToNation/generic_node_optimization/multi_node_run_creation_and_gurobi_optimization_parallel.py", line 153, in solve_single_model
    m.quick_solve()
    ~~~~~~~~~~~~~^^
  File "/gpfs/home3/scur1696/AdOpT-NET0-RegToNation/adopt_net0/modelhub.py", line 434, in quick_solve
    self.construct_model()
    ~~~~~~~~~~~~~~~~~~~~^^
  File "/gpfs/home3/scur1696/AdOpT-NET0-RegToNation/adopt_net0/modelhub.py", line 228, in construct_model
    self._perform_preprocessing_checks()
    ~~~~~~~~~~~~~~~~~~~~~~~~~~~~~~~~~~^^
  File "/gpfs/home3/scur1696/AdOpT-NET0-RegToNation/adopt_net0/modelhub.py", line 105, in _perform_preprocessing_checks
    raise Exception(
    ...<6 lines>...
    )
Exception: The solver you are trying to use is not available. This could be due to the following two reasons: (1) it is not implemented (currently AdOpT-NET0 supports gurobi and glpk. (2) If you are using gurobi, make sure that the gurobipy version installed matches the gurobi version installed.
Could not create Model - gurobi message=Too many sessions, 5 active sessions for a baseline of 2

Set parameter WLSAccessID
Set parameter WLSSecret
Set parameter LicenseID to value 2729390

Traceback (most recent call last):
  File "/gpfs/home3/scur1696/AdOpT-NET0-RegToNation/adopt_net0/modelhub.py", line 103, in _perform_preprocessing_checks
    solver.solve(mock_model)
    ~~~~~~~~~~~~^^^^^^^^^^^^
  File "/gpfs/home3/scur1696/AdOpT-NET0-RegToNation/venv/lib/python3.13/site-packages/pyomo/solvers/plugins/solvers/direct_solver.py", line 75, in solve
    self.available(exception_flag=True)
    ~~~~~~~~~~~~~~^^^^^^^^^^^^^^^^^^^^^
  File "/gpfs/home3/scur1696/AdOpT-NET0-RegToNation/venv/lib/python3.13/site-packages/pyomo/solvers/plugins/solvers/gurobi_direct.py", line 232, in available
    raise ApplicationError(
    ...<2 lines>...
    )
pyomo.common.errors.ApplicationError: Could not create Model for <class 'pyomo.solvers.plugins.solvers.gurobi_direct.GurobiDirect'> solver plugin - gurobi message=Could not create Model - gurobi message=Too many sessions, 5 active sessions for a baseline of 2

Set parameter WLSAccessID
Set parameter WLSSecret
Set parameter LicenseID to value 2729390


During handling of the above exception, another exception occurred:

Traceback (most recent call last):
  File "/gpfs/home3/scur1696/AdOpT-NET0-RegToNation/generic_node_optimization/multi_node_run_creation_and_gurobi_optimization_parallel.py", line 153, in solve_single_model
    m.quick_solve()
    ~~~~~~~~~~~~~^^
  File "/gpfs/home3/scur1696/AdOpT-NET0-RegToNation/adopt_net0/modelhub.py", line 434, in quick_solve
    self.construct_model()
    ~~~~~~~~~~~~~~~~~~~~^^
  File "/gpfs/home3/scur1696/AdOpT-NET0-RegToNation/adopt_net0/modelhub.py", line 228, in construct_model
    self._perform_preprocessing_checks()
    ~~~~~~~~~~~~~~~~~~~~~~~~~~~~~~~~~~^^
  File "/gpfs/home3/scur1696/AdOpT-NET0-RegToNation/adopt_net0/modelhub.py", line 105, in _perform_preprocessing_checks
    raise Exception(
    ...<6 lines>...
    )
Exception: The solver you are trying to use is not available. This could be due to the following two reasons: (1) it is not implemented (currently AdOpT-NET0 supports gurobi and glpk. (2) If you are using gurobi, make sure that the gurobipy version installed matches the gurobi version installed.
Could not create Model - gurobi message=Too many sessions, 5 active sessions for a baseline of 2

Set parameter WLSAccessID
Set parameter WLSSecret
Set parameter LicenseID to value 2729390

Traceback (most recent call last):
  File "/gpfs/home3/scur1696/AdOpT-NET0-RegToNation/adopt_net0/modelhub.py", line 103, in _perform_preprocessing_checks
    solver.solve(mock_model)
    ~~~~~~~~~~~~^^^^^^^^^^^^
  File "/gpfs/home3/scur1696/AdOpT-NET0-RegToNation/venv/lib/python3.13/site-packages/pyomo/solvers/plugins/solvers/direct_solver.py", line 75, in solve
    self.available(exception_flag=True)
    ~~~~~~~~~~~~~~^^^^^^^^^^^^^^^^^^^^^
  File "/gpfs/home3/scur1696/AdOpT-NET0-RegToNation/venv/lib/python3.13/site-packages/pyomo/solvers/plugins/solvers/gurobi_direct.py", line 232, in available
    raise ApplicationError(
    ...<2 lines>...
    )
pyomo.common.errors.ApplicationError: Could not create Model for <class 'pyomo.solvers.plugins.solvers.gurobi_direct.GurobiDirect'> solver plugin - gurobi message=Could not create Model - gurobi message=Too many sessions, 5 active sessions for a baseline of 2

Set parameter WLSAccessID
Set parameter WLSSecret
Set parameter LicenseID to value 2729390


During handling of the above exception, another exception occurred:

Traceback (most recent call last):
  File "/gpfs/home3/scur1696/AdOpT-NET0-RegToNation/generic_node_optimization/multi_node_run_creation_and_gurobi_optimization_parallel.py", line 153, in solve_single_model
    m.quick_solve()
    ~~~~~~~~~~~~~^^
  File "/gpfs/home3/scur1696/AdOpT-NET0-RegToNation/adopt_net0/modelhub.py", line 434, in quick_solve
    self.construct_model()
    ~~~~~~~~~~~~~~~~~~~~^^
  File "/gpfs/home3/scur1696/AdOpT-NET0-RegToNation/adopt_net0/modelhub.py", line 228, in construct_model
    self._perform_preprocessing_checks()
    ~~~~~~~~~~~~~~~~~~~~~~~~~~~~~~~~~~^^
  File "/gpfs/home3/scur1696/AdOpT-NET0-RegToNation/adopt_net0/modelhub.py", line 105, in _perform_preprocessing_checks
    raise Exception(
    ...<6 lines>...
    )
Exception: The solver you are trying to use is not available. This could be due to the following two reasons: (1) it is not implemented (currently AdOpT-NET0 supports gurobi and glpk. (2) If you are using gurobi, make sure that the gurobipy version installed matches the gurobi version installed.
Could not create Model - gurobi message=Too many sessions, 5 active sessions for a baseline of 2

Set parameter WLSAccessID
Set parameter WLSSecret
Set parameter LicenseID to value 2729390

Traceback (most recent call last):
  File "/gpfs/home3/scur1696/AdOpT-NET0-RegToNation/adopt_net0/modelhub.py", line 103, in _perform_preprocessing_checks
    solver.solve(mock_model)
    ~~~~~~~~~~~~^^^^^^^^^^^^
  File "/gpfs/home3/scur1696/AdOpT-NET0-RegToNation/venv/lib/python3.13/site-packages/pyomo/solvers/plugins/solvers/direct_solver.py", line 75, in solve
    self.available(exception_flag=True)
    ~~~~~~~~~~~~~~^^^^^^^^^^^^^^^^^^^^^
  File "/gpfs/home3/scur1696/AdOpT-NET0-RegToNation/venv/lib/python3.13/site-packages/pyomo/solvers/plugins/solvers/gurobi_direct.py", line 232, in available
    raise ApplicationError(
    ...<2 lines>...
    )
pyomo.common.errors.ApplicationError: Could not create Model for <class 'pyomo.solvers.plugins.solvers.gurobi_direct.GurobiDirect'> solver plugin - gurobi message=Could not create Model - gurobi message=Too many sessions, 5 active sessions for a baseline of 2

Set parameter WLSAccessID
Set parameter WLSSecret
Set parameter LicenseID to value 2729390


During handling of the above exception, another exception occurred:

Traceback (most recent call last):
  File "/gpfs/home3/scur1696/AdOpT-NET0-RegToNation/generic_node_optimization/multi_node_run_creation_and_gurobi_optimization_parallel.py", line 153, in solve_single_model
    m.quick_solve()
    ~~~~~~~~~~~~~^^
  File "/gpfs/home3/scur1696/AdOpT-NET0-RegToNation/adopt_net0/modelhub.py", line 434, in quick_solve
    self.construct_model()
    ~~~~~~~~~~~~~~~~~~~~^^
  File "/gpfs/home3/scur1696/AdOpT-NET0-RegToNation/adopt_net0/modelhub.py", line 228, in construct_model
    self._perform_preprocessing_checks()
    ~~~~~~~~~~~~~~~~~~~~~~~~~~~~~~~~~~^^
  File "/gpfs/home3/scur1696/AdOpT-NET0-RegToNation/adopt_net0/modelhub.py", line 105, in _perform_preprocessing_checks
    raise Exception(
    ...<6 lines>...
    )
Exception: The solver you are trying to use is not available. This could be due to the following two reasons: (1) it is not implemented (currently AdOpT-NET0 supports gurobi and glpk. (2) If you are using gurobi, make sure that the gurobipy version installed matches the gurobi version installed.
/gpfs/home3/scur1696/AdOpT-NET0-RegToNation/adopt_net0/data_management/handle_input_data.py:517: UserWarning: size_max_defined_per_arc==0, but you defined a file for it for network hydrogenPipelineOnshore_lowP
  warn(
/gpfs/home3/scur1696/AdOpT-NET0-RegToNation/adopt_net0/data_management/handle_input_data.py:517: UserWarning: size_max_defined_per_arc==0, but you defined a file for it for network hydrogenPipelineOnshore_highP
  warn(
/gpfs/home3/scur1696/AdOpT-NET0-RegToNation/adopt_net0/data_management/handle_input_data.py:517: UserWarning: size_max_defined_per_arc==0, but you defined a file for it for network hydrogenPipelineOnshore_lowP
  warn(
/gpfs/home3/scur1696/AdOpT-NET0-RegToNation/adopt_net0/data_management/handle_input_data.py:517: UserWarning: size_max_defined_per_arc==0, but you defined a file for it for network hydrogenPipelineOnshore_highP
  warn(
/gpfs/home3/scur1696/AdOpT-NET0-RegToNation/adopt_net0/data_management/handle_input_data.py:517: UserWarning: size_max_defined_per_arc==0, but you defined a file for it for network hydrogenPipelineOnshore_lowP
  warn(
/gpfs/home3/scur1696/AdOpT-NET0-RegToNation/adopt_net0/data_management/handle_input_data.py:517: UserWarning: size_max_defined_per_arc==0, but you defined a file for it for network hydrogenPipelineOnshore_highP
  warn(
/gpfs/home3/scur1696/AdOpT-NET0-RegToNation/adopt_net0/data_management/handle_input_data.py:517: UserWarning: size_max_defined_per_arc==0, but you defined a file for it for network hydrogenPipelineOnshore_lowP
  warn(
/gpfs/home3/scur1696/AdOpT-NET0-RegToNation/adopt_net0/data_management/handle_input_data.py:517: UserWarning: size_max_defined_per_arc==0, but you defined a file for it for network hydrogenPipelineOnshore_highP
  warn(
/gpfs/home3/scur1696/AdOpT-NET0-RegToNation/adopt_net0/data_management/handle_input_data.py:517: UserWarning: size_max_defined_per_arc==0, but you defined a file for it for network hydrogenPipelineOnshore_lowP
  warn(
/gpfs/home3/scur1696/AdOpT-NET0-RegToNation/adopt_net0/data_management/handle_input_data.py:517: UserWarning: size_max_defined_per_arc==0, but you defined a file for it for network hydrogenPipelineOnshore_highP
  warn(
/gpfs/home3/scur1696/AdOpT-NET0-RegToNation/adopt_net0/data_management/handle_input_data.py:517: UserWarning: size_max_defined_per_arc==0, but you defined a file for it for network hydrogenPipelineOnshore_lowP
  warn(
/gpfs/home3/scur1696/AdOpT-NET0-RegToNation/adopt_net0/data_management/handle_input_data.py:517: UserWarning: size_max_defined_per_arc==0, but you defined a file for it for network hydrogenPipelineOnshore_highP
  warn(
Could not create Model - gurobi message=Too many sessions, 5 active sessions for a baseline of 2

Set parameter WLSAccessID
Set parameter WLSSecret
Set parameter LicenseID to value 2729390

Traceback (most recent call last):
  File "/gpfs/home3/scur1696/AdOpT-NET0-RegToNation/adopt_net0/modelhub.py", line 103, in _perform_preprocessing_checks
    solver.solve(mock_model)
    ~~~~~~~~~~~~^^^^^^^^^^^^
  File "/gpfs/home3/scur1696/AdOpT-NET0-RegToNation/venv/lib/python3.13/site-packages/pyomo/solvers/plugins/solvers/direct_solver.py", line 75, in solve
    self.available(exception_flag=True)
    ~~~~~~~~~~~~~~^^^^^^^^^^^^^^^^^^^^^
  File "/gpfs/home3/scur1696/AdOpT-NET0-RegToNation/venv/lib/python3.13/site-packages/pyomo/solvers/plugins/solvers/gurobi_direct.py", line 232, in available
    raise ApplicationError(
    ...<2 lines>...
    )
pyomo.common.errors.ApplicationError: Could not create Model for <class 'pyomo.solvers.plugins.solvers.gurobi_direct.GurobiDirect'> solver plugin - gurobi message=Could not create Model - gurobi message=Too many sessions, 5 active sessions for a baseline of 2

Set parameter WLSAccessID
Set parameter WLSSecret
Set parameter LicenseID to value 2729390


During handling of the above exception, another exception occurred:

Traceback (most recent call last):
  File "/gpfs/home3/scur1696/AdOpT-NET0-RegToNation/generic_node_optimization/multi_node_run_creation_and_gurobi_optimization_parallel.py", line 153, in solve_single_model
    m.quick_solve()
    ~~~~~~~~~~~~~^^
  File "/gpfs/home3/scur1696/AdOpT-NET0-RegToNation/adopt_net0/modelhub.py", line 434, in quick_solve
    self.construct_model()
    ~~~~~~~~~~~~~~~~~~~~^^
  File "/gpfs/home3/scur1696/AdOpT-NET0-RegToNation/adopt_net0/modelhub.py", line 228, in construct_model
    self._perform_preprocessing_checks()
    ~~~~~~~~~~~~~~~~~~~~~~~~~~~~~~~~~~^^
  File "/gpfs/home3/scur1696/AdOpT-NET0-RegToNation/adopt_net0/modelhub.py", line 105, in _perform_preprocessing_checks
    raise Exception(
    ...<6 lines>...
    )
Exception: The solver you are trying to use is not available. This could be due to the following two reasons: (1) it is not implemented (currently AdOpT-NET0 supports gurobi and glpk. (2) If you are using gurobi, make sure that the gurobipy version installed matches the gurobi version installed.
Could not create Model - gurobi message=Too many sessions, 5 active sessions for a baseline of 2

Set parameter WLSAccessID
Set parameter WLSSecret
Set parameter LicenseID to value 2729390

Traceback (most recent call last):
  File "/gpfs/home3/scur1696/AdOpT-NET0-RegToNation/adopt_net0/modelhub.py", line 103, in _perform_preprocessing_checks
    solver.solve(mock_model)
    ~~~~~~~~~~~~^^^^^^^^^^^^
  File "/gpfs/home3/scur1696/AdOpT-NET0-RegToNation/venv/lib/python3.13/site-packages/pyomo/solvers/plugins/solvers/direct_solver.py", line 75, in solve
    self.available(exception_flag=True)
    ~~~~~~~~~~~~~~^^^^^^^^^^^^^^^^^^^^^
  File "/gpfs/home3/scur1696/AdOpT-NET0-RegToNation/venv/lib/python3.13/site-packages/pyomo/solvers/plugins/solvers/gurobi_direct.py", line 232, in available
    raise ApplicationError(
    ...<2 lines>...
    )
pyomo.common.errors.ApplicationError: Could not create Model for <class 'pyomo.solvers.plugins.solvers.gurobi_direct.GurobiDirect'> solver plugin - gurobi message=Could not create Model - gurobi message=Too many sessions, 5 active sessions for a baseline of 2

Set parameter WLSAccessID
Set parameter WLSSecret
Set parameter LicenseID to value 2729390


During handling of the above exception, another exception occurred:

Traceback (most recent call last):
  File "/gpfs/home3/scur1696/AdOpT-NET0-RegToNation/generic_node_optimization/multi_node_run_creation_and_gurobi_optimization_parallel.py", line 153, in solve_single_model
    m.quick_solve()
    ~~~~~~~~~~~~~^^
  File "/gpfs/home3/scur1696/AdOpT-NET0-RegToNation/adopt_net0/modelhub.py", line 434, in quick_solve
    self.construct_model()
    ~~~~~~~~~~~~~~~~~~~~^^
  File "/gpfs/home3/scur1696/AdOpT-NET0-RegToNation/adopt_net0/modelhub.py", line 228, in construct_model
    self._perform_preprocessing_checks()
    ~~~~~~~~~~~~~~~~~~~~~~~~~~~~~~~~~~^^
  File "/gpfs/home3/scur1696/AdOpT-NET0-RegToNation/adopt_net0/modelhub.py", line 105, in _perform_preprocessing_checks
    raise Exception(
    ...<6 lines>...
    )
Exception: The solver you are trying to use is not available. This could be due to the following two reasons: (1) it is not implemented (currently AdOpT-NET0 supports gurobi and glpk. (2) If you are using gurobi, make sure that the gurobipy version installed matches the gurobi version installed.
Could not create Model - gurobi message=Too many sessions, 5 active sessions for a baseline of 2

Set parameter WLSAccessID
Set parameter WLSSecret
Set parameter LicenseID to value 2729390

Traceback (most recent call last):
  File "/gpfs/home3/scur1696/AdOpT-NET0-RegToNation/adopt_net0/modelhub.py", line 103, in _perform_preprocessing_checks
    solver.solve(mock_model)
    ~~~~~~~~~~~~^^^^^^^^^^^^
  File "/gpfs/home3/scur1696/AdOpT-NET0-RegToNation/venv/lib/python3.13/site-packages/pyomo/solvers/plugins/solvers/direct_solver.py", line 75, in solve
    self.available(exception_flag=True)
    ~~~~~~~~~~~~~~^^^^^^^^^^^^^^^^^^^^^
  File "/gpfs/home3/scur1696/AdOpT-NET0-RegToNation/venv/lib/python3.13/site-packages/pyomo/solvers/plugins/solvers/gurobi_direct.py", line 232, in available
    raise ApplicationError(
    ...<2 lines>...
    )
pyomo.common.errors.ApplicationError: Could not create Model for <class 'pyomo.solvers.plugins.solvers.gurobi_direct.GurobiDirect'> solver plugin - gurobi message=Could not create Model - gurobi message=Too many sessions, 5 active sessions for a baseline of 2

Set parameter WLSAccessID
Set parameter WLSSecret
Set parameter LicenseID to value 2729390


During handling of the above exception, another exception occurred:

Traceback (most recent call last):
  File "/gpfs/home3/scur1696/AdOpT-NET0-RegToNation/generic_node_optimization/multi_node_run_creation_and_gurobi_optimization_parallel.py", line 153, in solve_single_model
    m.quick_solve()
    ~~~~~~~~~~~~~^^
  File "/gpfs/home3/scur1696/AdOpT-NET0-RegToNation/adopt_net0/modelhub.py", line 434, in quick_solve
    self.construct_model()
    ~~~~~~~~~~~~~~~~~~~~^^
  File "/gpfs/home3/scur1696/AdOpT-NET0-RegToNation/adopt_net0/modelhub.py", line 228, in construct_model
    self._perform_preprocessing_checks()
    ~~~~~~~~~~~~~~~~~~~~~~~~~~~~~~~~~~^^
  File "/gpfs/home3/scur1696/AdOpT-NET0-RegToNation/adopt_net0/modelhub.py", line 105, in _perform_preprocessing_checks
    raise Exception(
    ...<6 lines>...
    )
Exception: The solver you are trying to use is not available. This could be due to the following two reasons: (1) it is not implemented (currently AdOpT-NET0 supports gurobi and glpk. (2) If you are using gurobi, make sure that the gurobipy version installed matches the gurobi version installed.
Could not create Model - gurobi message=Too many sessions, 5 active sessions for a baseline of 2

Set parameter WLSAccessID
Set parameter WLSSecret
Set parameter LicenseID to value 2729390

Traceback (most recent call last):
  File "/gpfs/home3/scur1696/AdOpT-NET0-RegToNation/adopt_net0/modelhub.py", line 103, in _perform_preprocessing_checks
    solver.solve(mock_model)
    ~~~~~~~~~~~~^^^^^^^^^^^^
  File "/gpfs/home3/scur1696/AdOpT-NET0-RegToNation/venv/lib/python3.13/site-packages/pyomo/solvers/plugins/solvers/direct_solver.py", line 75, in solve
    self.available(exception_flag=True)
    ~~~~~~~~~~~~~~^^^^^^^^^^^^^^^^^^^^^
  File "/gpfs/home3/scur1696/AdOpT-NET0-RegToNation/venv/lib/python3.13/site-packages/pyomo/solvers/plugins/solvers/gurobi_direct.py", line 232, in available
    raise ApplicationError(
    ...<2 lines>...
    )
pyomo.common.errors.ApplicationError: Could not create Model for <class 'pyomo.solvers.plugins.solvers.gurobi_direct.GurobiDirect'> solver plugin - gurobi message=Could not create Model - gurobi message=Too many sessions, 5 active sessions for a baseline of 2

Set parameter WLSAccessID
Set parameter WLSSecret
Set parameter LicenseID to value 2729390


During handling of the above exception, another exception occurred:

Traceback (most recent call last):
  File "/gpfs/home3/scur1696/AdOpT-NET0-RegToNation/generic_node_optimization/multi_node_run_creation_and_gurobi_optimization_parallel.py", line 153, in solve_single_model
    m.quick_solve()
    ~~~~~~~~~~~~~^^
  File "/gpfs/home3/scur1696/AdOpT-NET0-RegToNation/adopt_net0/modelhub.py", line 434, in quick_solve
    self.construct_model()
    ~~~~~~~~~~~~~~~~~~~~^^
  File "/gpfs/home3/scur1696/AdOpT-NET0-RegToNation/adopt_net0/modelhub.py", line 228, in construct_model
    self._perform_preprocessing_checks()
    ~~~~~~~~~~~~~~~~~~~~~~~~~~~~~~~~~~^^
  File "/gpfs/home3/scur1696/AdOpT-NET0-RegToNation/adopt_net0/modelhub.py", line 105, in _perform_preprocessing_checks
    raise Exception(
    ...<6 lines>...
    )
Exception: The solver you are trying to use is not available. This could be due to the following two reasons: (1) it is not implemented (currently AdOpT-NET0 supports gurobi and glpk. (2) If you are using gurobi, make sure that the gurobipy version installed matches the gurobi version installed.
Could not create Model - gurobi message=Too many sessions, 5 active sessions for a baseline of 2

Set parameter WLSAccessID
Set parameter WLSSecret
Set parameter LicenseID to value 2729390

Traceback (most recent call last):
  File "/gpfs/home3/scur1696/AdOpT-NET0-RegToNation/adopt_net0/modelhub.py", line 103, in _perform_preprocessing_checks
    solver.solve(mock_model)
    ~~~~~~~~~~~~^^^^^^^^^^^^
  File "/gpfs/home3/scur1696/AdOpT-NET0-RegToNation/venv/lib/python3.13/site-packages/pyomo/solvers/plugins/solvers/direct_solver.py", line 75, in solve
    self.available(exception_flag=True)
    ~~~~~~~~~~~~~~^^^^^^^^^^^^^^^^^^^^^
  File "/gpfs/home3/scur1696/AdOpT-NET0-RegToNation/venv/lib/python3.13/site-packages/pyomo/solvers/plugins/solvers/gurobi_direct.py", line 232, in available
    raise ApplicationError(
    ...<2 lines>...
    )
pyomo.common.errors.ApplicationError: Could not create Model for <class 'pyomo.solvers.plugins.solvers.gurobi_direct.GurobiDirect'> solver plugin - gurobi message=Could not create Model - gurobi message=Too many sessions, 5 active sessions for a baseline of 2

Set parameter WLSAccessID
Set parameter WLSSecret
Set parameter LicenseID to value 2729390


During handling of the above exception, another exception occurred:

Traceback (most recent call last):
  File "/gpfs/home3/scur1696/AdOpT-NET0-RegToNation/generic_node_optimization/multi_node_run_creation_and_gurobi_optimization_parallel.py", line 153, in solve_single_model
    m.quick_solve()
    ~~~~~~~~~~~~~^^
  File "/gpfs/home3/scur1696/AdOpT-NET0-RegToNation/adopt_net0/modelhub.py", line 434, in quick_solve
    self.construct_model()
    ~~~~~~~~~~~~~~~~~~~~^^
  File "/gpfs/home3/scur1696/AdOpT-NET0-RegToNation/adopt_net0/modelhub.py", line 228, in construct_model
    self._perform_preprocessing_checks()
    ~~~~~~~~~~~~~~~~~~~~~~~~~~~~~~~~~~^^
  File "/gpfs/home3/scur1696/AdOpT-NET0-RegToNation/adopt_net0/modelhub.py", line 105, in _perform_preprocessing_checks
    raise Exception(
    ...<6 lines>...
    )
Exception: The solver you are trying to use is not available. This could be due to the following two reasons: (1) it is not implemented (currently AdOpT-NET0 supports gurobi and glpk. (2) If you are using gurobi, make sure that the gurobipy version installed matches the gurobi version installed.
Could not create Model - gurobi message=Too many sessions, 5 active sessions for a baseline of 2

Set parameter WLSAccessID
Set parameter WLSSecret
Set parameter LicenseID to value 2729390

Traceback (most recent call last):
  File "/gpfs/home3/scur1696/AdOpT-NET0-RegToNation/adopt_net0/modelhub.py", line 103, in _perform_preprocessing_checks
    solver.solve(mock_model)
    ~~~~~~~~~~~~^^^^^^^^^^^^
  File "/gpfs/home3/scur1696/AdOpT-NET0-RegToNation/venv/lib/python3.13/site-packages/pyomo/solvers/plugins/solvers/direct_solver.py", line 75, in solve
    self.available(exception_flag=True)
    ~~~~~~~~~~~~~~^^^^^^^^^^^^^^^^^^^^^
  File "/gpfs/home3/scur1696/AdOpT-NET0-RegToNation/venv/lib/python3.13/site-packages/pyomo/solvers/plugins/solvers/gurobi_direct.py", line 232, in available
    raise ApplicationError(
    ...<2 lines>...
    )
pyomo.common.errors.ApplicationError: Could not create Model for <class 'pyomo.solvers.plugins.solvers.gurobi_direct.GurobiDirect'> solver plugin - gurobi message=Could not create Model - gurobi message=Too many sessions, 5 active sessions for a baseline of 2

Set parameter WLSAccessID
Set parameter WLSSecret
Set parameter LicenseID to value 2729390


During handling of the above exception, another exception occurred:

Traceback (most recent call last):
  File "/gpfs/home3/scur1696/AdOpT-NET0-RegToNation/generic_node_optimization/multi_node_run_creation_and_gurobi_optimization_parallel.py", line 153, in solve_single_model
    m.quick_solve()
    ~~~~~~~~~~~~~^^
  File "/gpfs/home3/scur1696/AdOpT-NET0-RegToNation/adopt_net0/modelhub.py", line 434, in quick_solve
    self.construct_model()
    ~~~~~~~~~~~~~~~~~~~~^^
  File "/gpfs/home3/scur1696/AdOpT-NET0-RegToNation/adopt_net0/modelhub.py", line 228, in construct_model
    self._perform_preprocessing_checks()
    ~~~~~~~~~~~~~~~~~~~~~~~~~~~~~~~~~~^^
  File "/gpfs/home3/scur1696/AdOpT-NET0-RegToNation/adopt_net0/modelhub.py", line 105, in _perform_preprocessing_checks
    raise Exception(
    ...<6 lines>...
    )
Exception: The solver you are trying to use is not available. This could be due to the following two reasons: (1) it is not implemented (currently AdOpT-NET0 supports gurobi and glpk. (2) If you are using gurobi, make sure that the gurobipy version installed matches the gurobi version installed.
/gpfs/home3/scur1696/AdOpT-NET0-RegToNation/adopt_net0/data_management/handle_input_data.py:517: UserWarning: size_max_defined_per_arc==0, but you defined a file for it for network hydrogenPipelineOnshore_lowP
  warn(
/gpfs/home3/scur1696/AdOpT-NET0-RegToNation/adopt_net0/data_management/handle_input_data.py:517: UserWarning: size_max_defined_per_arc==0, but you defined a file for it for network hydrogenPipelineOnshore_highP
  warn(
/gpfs/home3/scur1696/AdOpT-NET0-RegToNation/adopt_net0/data_management/handle_input_data.py:517: UserWarning: size_max_defined_per_arc==0, but you defined a file for it for network hydrogenPipelineOnshore_lowP
  warn(
/gpfs/home3/scur1696/AdOpT-NET0-RegToNation/adopt_net0/data_management/handle_input_data.py:517: UserWarning: size_max_defined_per_arc==0, but you defined a file for it for network hydrogenPipelineOnshore_highP
  warn(
/gpfs/home3/scur1696/AdOpT-NET0-RegToNation/adopt_net0/data_management/handle_input_data.py:517: UserWarning: size_max_defined_per_arc==0, but you defined a file for it for network hydrogenPipelineOnshore_lowP
  warn(
/gpfs/home3/scur1696/AdOpT-NET0-RegToNation/adopt_net0/data_management/handle_input_data.py:517: UserWarning: size_max_defined_per_arc==0, but you defined a file for it for network hydrogenPipelineOnshore_highP
  warn(
/gpfs/home3/scur1696/AdOpT-NET0-RegToNation/adopt_net0/data_management/handle_input_data.py:517: UserWarning: size_max_defined_per_arc==0, but you defined a file for it for network hydrogenPipelineOnshore_lowP
  warn(
/gpfs/home3/scur1696/AdOpT-NET0-RegToNation/adopt_net0/data_management/handle_input_data.py:517: UserWarning: size_max_defined_per_arc==0, but you defined a file for it for network hydrogenPipelineOnshore_highP
  warn(
/gpfs/home3/scur1696/AdOpT-NET0-RegToNation/adopt_net0/data_management/handle_input_data.py:517: UserWarning: size_max_defined_per_arc==0, but you defined a file for it for network hydrogenPipelineOnshore_lowP
  warn(
/gpfs/home3/scur1696/AdOpT-NET0-RegToNation/adopt_net0/data_management/handle_input_data.py:517: UserWarning: size_max_defined_per_arc==0, but you defined a file for it for network hydrogenPipelineOnshore_highP
  warn(
/gpfs/home3/scur1696/AdOpT-NET0-RegToNation/adopt_net0/data_management/handle_input_data.py:517: UserWarning: size_max_defined_per_arc==0, but you defined a file for it for network hydrogenPipelineOnshore_lowP
  warn(
/gpfs/home3/scur1696/AdOpT-NET0-RegToNation/adopt_net0/data_management/handle_input_data.py:517: UserWarning: size_max_defined_per_arc==0, but you defined a file for it for network hydrogenPipelineOnshore_highP
  warn(
Could not create Model - gurobi message=Too many sessions, 5 active sessions for a baseline of 2

Set parameter WLSAccessID
Set parameter WLSSecret
Set parameter LicenseID to value 2729390

Traceback (most recent call last):
  File "/gpfs/home3/scur1696/AdOpT-NET0-RegToNation/adopt_net0/modelhub.py", line 103, in _perform_preprocessing_checks
    solver.solve(mock_model)
    ~~~~~~~~~~~~^^^^^^^^^^^^
  File "/gpfs/home3/scur1696/AdOpT-NET0-RegToNation/venv/lib/python3.13/site-packages/pyomo/solvers/plugins/solvers/direct_solver.py", line 75, in solve
    self.available(exception_flag=True)
    ~~~~~~~~~~~~~~^^^^^^^^^^^^^^^^^^^^^
  File "/gpfs/home3/scur1696/AdOpT-NET0-RegToNation/venv/lib/python3.13/site-packages/pyomo/solvers/plugins/solvers/gurobi_direct.py", line 232, in available
    raise ApplicationError(
    ...<2 lines>...
    )
pyomo.common.errors.ApplicationError: Could not create Model for <class 'pyomo.solvers.plugins.solvers.gurobi_direct.GurobiDirect'> solver plugin - gurobi message=Could not create Model - gurobi message=Too many sessions, 5 active sessions for a baseline of 2

Set parameter WLSAccessID
Set parameter WLSSecret
Set parameter LicenseID to value 2729390


During handling of the above exception, another exception occurred:

Traceback (most recent call last):
  File "/gpfs/home3/scur1696/AdOpT-NET0-RegToNation/generic_node_optimization/multi_node_run_creation_and_gurobi_optimization_parallel.py", line 153, in solve_single_model
    m.quick_solve()
    ~~~~~~~~~~~~~^^
  File "/gpfs/home3/scur1696/AdOpT-NET0-RegToNation/adopt_net0/modelhub.py", line 434, in quick_solve
    self.construct_model()
    ~~~~~~~~~~~~~~~~~~~~^^
  File "/gpfs/home3/scur1696/AdOpT-NET0-RegToNation/adopt_net0/modelhub.py", line 228, in construct_model
    self._perform_preprocessing_checks()
    ~~~~~~~~~~~~~~~~~~~~~~~~~~~~~~~~~~^^
  File "/gpfs/home3/scur1696/AdOpT-NET0-RegToNation/adopt_net0/modelhub.py", line 105, in _perform_preprocessing_checks
    raise Exception(
    ...<6 lines>...
    )
Exception: The solver you are trying to use is not available. This could be due to the following two reasons: (1) it is not implemented (currently AdOpT-NET0 supports gurobi and glpk. (2) If you are using gurobi, make sure that the gurobipy version installed matches the gurobi version installed.
Could not create Model - gurobi message=Too many sessions, 5 active sessions for a baseline of 2

Set parameter WLSAccessID
Set parameter WLSSecret
Set parameter LicenseID to value 2729390

Traceback (most recent call last):
  File "/gpfs/home3/scur1696/AdOpT-NET0-RegToNation/adopt_net0/modelhub.py", line 103, in _perform_preprocessing_checks
    solver.solve(mock_model)
    ~~~~~~~~~~~~^^^^^^^^^^^^
  File "/gpfs/home3/scur1696/AdOpT-NET0-RegToNation/venv/lib/python3.13/site-packages/pyomo/solvers/plugins/solvers/direct_solver.py", line 75, in solve
    self.available(exception_flag=True)
    ~~~~~~~~~~~~~~^^^^^^^^^^^^^^^^^^^^^
  File "/gpfs/home3/scur1696/AdOpT-NET0-RegToNation/venv/lib/python3.13/site-packages/pyomo/solvers/plugins/solvers/gurobi_direct.py", line 232, in available
    raise ApplicationError(
    ...<2 lines>...
    )
pyomo.common.errors.ApplicationError: Could not create Model for <class 'pyomo.solvers.plugins.solvers.gurobi_direct.GurobiDirect'> solver plugin - gurobi message=Could not create Model - gurobi message=Too many sessions, 5 active sessions for a baseline of 2

Set parameter WLSAccessID
Set parameter WLSSecret
Set parameter LicenseID to value 2729390


During handling of the above exception, another exception occurred:

Traceback (most recent call last):
  File "/gpfs/home3/scur1696/AdOpT-NET0-RegToNation/generic_node_optimization/multi_node_run_creation_and_gurobi_optimization_parallel.py", line 153, in solve_single_model
    m.quick_solve()
    ~~~~~~~~~~~~~^^
  File "/gpfs/home3/scur1696/AdOpT-NET0-RegToNation/adopt_net0/modelhub.py", line 434, in quick_solve
    self.construct_model()
    ~~~~~~~~~~~~~~~~~~~~^^
  File "/gpfs/home3/scur1696/AdOpT-NET0-RegToNation/adopt_net0/modelhub.py", line 228, in construct_model
    self._perform_preprocessing_checks()
    ~~~~~~~~~~~~~~~~~~~~~~~~~~~~~~~~~~^^
  File "/gpfs/home3/scur1696/AdOpT-NET0-RegToNation/adopt_net0/modelhub.py", line 105, in _perform_preprocessing_checks
    raise Exception(
    ...<6 lines>...
    )
Exception: The solver you are trying to use is not available. This could be due to the following two reasons: (1) it is not implemented (currently AdOpT-NET0 supports gurobi and glpk. (2) If you are using gurobi, make sure that the gurobipy version installed matches the gurobi version installed.
Could not create Model - gurobi message=Too many sessions, 5 active sessions for a baseline of 2

Set parameter WLSAccessID
Set parameter WLSSecret
Set parameter LicenseID to value 2729390

Traceback (most recent call last):
  File "/gpfs/home3/scur1696/AdOpT-NET0-RegToNation/adopt_net0/modelhub.py", line 103, in _perform_preprocessing_checks
    solver.solve(mock_model)
    ~~~~~~~~~~~~^^^^^^^^^^^^
  File "/gpfs/home3/scur1696/AdOpT-NET0-RegToNation/venv/lib/python3.13/site-packages/pyomo/solvers/plugins/solvers/direct_solver.py", line 75, in solve
    self.available(exception_flag=True)
    ~~~~~~~~~~~~~~^^^^^^^^^^^^^^^^^^^^^
  File "/gpfs/home3/scur1696/AdOpT-NET0-RegToNation/venv/lib/python3.13/site-packages/pyomo/solvers/plugins/solvers/gurobi_direct.py", line 232, in available
    raise ApplicationError(
    ...<2 lines>...
    )
pyomo.common.errors.ApplicationError: Could not create Model for <class 'pyomo.solvers.plugins.solvers.gurobi_direct.GurobiDirect'> solver plugin - gurobi message=Could not create Model - gurobi message=Too many sessions, 5 active sessions for a baseline of 2

Set parameter WLSAccessID
Set parameter WLSSecret
Set parameter LicenseID to value 2729390


During handling of the above exception, another exception occurred:

Traceback (most recent call last):
  File "/gpfs/home3/scur1696/AdOpT-NET0-RegToNation/generic_node_optimization/multi_node_run_creation_and_gurobi_optimization_parallel.py", line 153, in solve_single_model
    m.quick_solve()
    ~~~~~~~~~~~~~^^
  File "/gpfs/home3/scur1696/AdOpT-NET0-RegToNation/adopt_net0/modelhub.py", line 434, in quick_solve
    self.construct_model()
    ~~~~~~~~~~~~~~~~~~~~^^
  File "/gpfs/home3/scur1696/AdOpT-NET0-RegToNation/adopt_net0/modelhub.py", line 228, in construct_model
    self._perform_preprocessing_checks()
    ~~~~~~~~~~~~~~~~~~~~~~~~~~~~~~~~~~^^
  File "/gpfs/home3/scur1696/AdOpT-NET0-RegToNation/adopt_net0/modelhub.py", line 105, in _perform_preprocessing_checks
    raise Exception(
    ...<6 lines>...
    )
Exception: The solver you are trying to use is not available. This could be due to the following two reasons: (1) it is not implemented (currently AdOpT-NET0 supports gurobi and glpk. (2) If you are using gurobi, make sure that the gurobipy version installed matches the gurobi version installed.
Could not create Model - gurobi message=Too many sessions, 5 active sessions for a baseline of 2

Set parameter WLSAccessID
Set parameter WLSSecret
Set parameter LicenseID to value 2729390

Traceback (most recent call last):
  File "/gpfs/home3/scur1696/AdOpT-NET0-RegToNation/adopt_net0/modelhub.py", line 103, in _perform_preprocessing_checks
    solver.solve(mock_model)
    ~~~~~~~~~~~~^^^^^^^^^^^^
  File "/gpfs/home3/scur1696/AdOpT-NET0-RegToNation/venv/lib/python3.13/site-packages/pyomo/solvers/plugins/solvers/direct_solver.py", line 75, in solve
    self.available(exception_flag=True)
    ~~~~~~~~~~~~~~^^^^^^^^^^^^^^^^^^^^^
  File "/gpfs/home3/scur1696/AdOpT-NET0-RegToNation/venv/lib/python3.13/site-packages/pyomo/solvers/plugins/solvers/gurobi_direct.py", line 232, in available
    raise ApplicationError(
    ...<2 lines>...
    )
pyomo.common.errors.ApplicationError: Could not create Model for <class 'pyomo.solvers.plugins.solvers.gurobi_direct.GurobiDirect'> solver plugin - gurobi message=Could not create Model - gurobi message=Too many sessions, 5 active sessions for a baseline of 2

Set parameter WLSAccessID
Set parameter WLSSecret
Set parameter LicenseID to value 2729390


During handling of the above exception, another exception occurred:

Traceback (most recent call last):
  File "/gpfs/home3/scur1696/AdOpT-NET0-RegToNation/generic_node_optimization/multi_node_run_creation_and_gurobi_optimization_parallel.py", line 153, in solve_single_model
    m.quick_solve()
    ~~~~~~~~~~~~~^^
  File "/gpfs/home3/scur1696/AdOpT-NET0-RegToNation/adopt_net0/modelhub.py", line 434, in quick_solve
    self.construct_model()
    ~~~~~~~~~~~~~~~~~~~~^^
  File "/gpfs/home3/scur1696/AdOpT-NET0-RegToNation/adopt_net0/modelhub.py", line 228, in construct_model
    self._perform_preprocessing_checks()
    ~~~~~~~~~~~~~~~~~~~~~~~~~~~~~~~~~~^^
  File "/gpfs/home3/scur1696/AdOpT-NET0-RegToNation/adopt_net0/modelhub.py", line 105, in _perform_preprocessing_checks
    raise Exception(
    ...<6 lines>...
    )
Exception: The solver you are trying to use is not available. This could be due to the following two reasons: (1) it is not implemented (currently AdOpT-NET0 supports gurobi and glpk. (2) If you are using gurobi, make sure that the gurobipy version installed matches the gurobi version installed.
Could not create Model - gurobi message=Too many sessions, 5 active sessions for a baseline of 2

Set parameter WLSAccessID
Set parameter WLSSecret
Set parameter LicenseID to value 2729390

Traceback (most recent call last):
  File "/gpfs/home3/scur1696/AdOpT-NET0-RegToNation/adopt_net0/modelhub.py", line 103, in _perform_preprocessing_checks
    solver.solve(mock_model)
    ~~~~~~~~~~~~^^^^^^^^^^^^
  File "/gpfs/home3/scur1696/AdOpT-NET0-RegToNation/venv/lib/python3.13/site-packages/pyomo/solvers/plugins/solvers/direct_solver.py", line 75, in solve
    self.available(exception_flag=True)
    ~~~~~~~~~~~~~~^^^^^^^^^^^^^^^^^^^^^
  File "/gpfs/home3/scur1696/AdOpT-NET0-RegToNation/venv/lib/python3.13/site-packages/pyomo/solvers/plugins/solvers/gurobi_direct.py", line 232, in available
    raise ApplicationError(
    ...<2 lines>...
    )
pyomo.common.errors.ApplicationError: Could not create Model for <class 'pyomo.solvers.plugins.solvers.gurobi_direct.GurobiDirect'> solver plugin - gurobi message=Could not create Model - gurobi message=Too many sessions, 5 active sessions for a baseline of 2

Set parameter WLSAccessID
Set parameter WLSSecret
Set parameter LicenseID to value 2729390


During handling of the above exception, another exception occurred:

Traceback (most recent call last):
  File "/gpfs/home3/scur1696/AdOpT-NET0-RegToNation/generic_node_optimization/multi_node_run_creation_and_gurobi_optimization_parallel.py", line 153, in solve_single_model
    m.quick_solve()
    ~~~~~~~~~~~~~^^
  File "/gpfs/home3/scur1696/AdOpT-NET0-RegToNation/adopt_net0/modelhub.py", line 434, in quick_solve
    self.construct_model()
    ~~~~~~~~~~~~~~~~~~~~^^
  File "/gpfs/home3/scur1696/AdOpT-NET0-RegToNation/adopt_net0/modelhub.py", line 228, in construct_model
    self._perform_preprocessing_checks()
    ~~~~~~~~~~~~~~~~~~~~~~~~~~~~~~~~~~^^
  File "/gpfs/home3/scur1696/AdOpT-NET0-RegToNation/adopt_net0/modelhub.py", line 105, in _perform_preprocessing_checks
    raise Exception(
    ...<6 lines>...
    )
Exception: The solver you are trying to use is not available. This could be due to the following two reasons: (1) it is not implemented (currently AdOpT-NET0 supports gurobi and glpk. (2) If you are using gurobi, make sure that the gurobipy version installed matches the gurobi version installed.
Could not create Model - gurobi message=Too many sessions, 5 active sessions for a baseline of 2

Set parameter WLSAccessID
Set parameter WLSSecret
Set parameter LicenseID to value 2729390

Traceback (most recent call last):
  File "/gpfs/home3/scur1696/AdOpT-NET0-RegToNation/adopt_net0/modelhub.py", line 103, in _perform_preprocessing_checks
    solver.solve(mock_model)
    ~~~~~~~~~~~~^^^^^^^^^^^^
  File "/gpfs/home3/scur1696/AdOpT-NET0-RegToNation/venv/lib/python3.13/site-packages/pyomo/solvers/plugins/solvers/direct_solver.py", line 75, in solve
    self.available(exception_flag=True)
    ~~~~~~~~~~~~~~^^^^^^^^^^^^^^^^^^^^^
  File "/gpfs/home3/scur1696/AdOpT-NET0-RegToNation/venv/lib/python3.13/site-packages/pyomo/solvers/plugins/solvers/gurobi_direct.py", line 232, in available
    raise ApplicationError(
    ...<2 lines>...
    )
pyomo.common.errors.ApplicationError: Could not create Model for <class 'pyomo.solvers.plugins.solvers.gurobi_direct.GurobiDirect'> solver plugin - gurobi message=Could not create Model - gurobi message=Too many sessions, 5 active sessions for a baseline of 2

Set parameter WLSAccessID
Set parameter WLSSecret
Set parameter LicenseID to value 2729390


During handling of the above exception, another exception occurred:

Traceback (most recent call last):
  File "/gpfs/home3/scur1696/AdOpT-NET0-RegToNation/generic_node_optimization/multi_node_run_creation_and_gurobi_optimization_parallel.py", line 153, in solve_single_model
    m.quick_solve()
    ~~~~~~~~~~~~~^^
  File "/gpfs/home3/scur1696/AdOpT-NET0-RegToNation/adopt_net0/modelhub.py", line 434, in quick_solve
    self.construct_model()
    ~~~~~~~~~~~~~~~~~~~~^^
  File "/gpfs/home3/scur1696/AdOpT-NET0-RegToNation/adopt_net0/modelhub.py", line 228, in construct_model
    self._perform_preprocessing_checks()
    ~~~~~~~~~~~~~~~~~~~~~~~~~~~~~~~~~~^^
  File "/gpfs/home3/scur1696/AdOpT-NET0-RegToNation/adopt_net0/modelhub.py", line 105, in _perform_preprocessing_checks
    raise Exception(
    ...<6 lines>...
    )
Exception: The solver you are trying to use is not available. This could be due to the following two reasons: (1) it is not implemented (currently AdOpT-NET0 supports gurobi and glpk. (2) If you are using gurobi, make sure that the gurobipy version installed matches the gurobi version installed.
/gpfs/home3/scur1696/AdOpT-NET0-RegToNation/adopt_net0/data_management/handle_input_data.py:517: UserWarning: size_max_defined_per_arc==0, but you defined a file for it for network hydrogenPipelineOnshore_lowP
  warn(
/gpfs/home3/scur1696/AdOpT-NET0-RegToNation/adopt_net0/data_management/handle_input_data.py:517: UserWarning: size_max_defined_per_arc==0, but you defined a file for it for network hydrogenPipelineOnshore_lowP
  warn(
/gpfs/home3/scur1696/AdOpT-NET0-RegToNation/adopt_net0/data_management/handle_input_data.py:517: UserWarning: size_max_defined_per_arc==0, but you defined a file for it for network hydrogenPipelineOnshore_highP
  warn(
/gpfs/home3/scur1696/AdOpT-NET0-RegToNation/adopt_net0/data_management/handle_input_data.py:517: UserWarning: size_max_defined_per_arc==0, but you defined a file for it for network hydrogenPipelineOnshore_highP
  warn(
/gpfs/home3/scur1696/AdOpT-NET0-RegToNation/adopt_net0/data_management/handle_input_data.py:517: UserWarning: size_max_defined_per_arc==0, but you defined a file for it for network hydrogenPipelineOnshore_lowP
  warn(
/gpfs/home3/scur1696/AdOpT-NET0-RegToNation/adopt_net0/data_management/handle_input_data.py:517: UserWarning: size_max_defined_per_arc==0, but you defined a file for it for network hydrogenPipelineOnshore_highP
  warn(
/gpfs/home3/scur1696/AdOpT-NET0-RegToNation/adopt_net0/data_management/handle_input_data.py:517: UserWarning: size_max_defined_per_arc==0, but you defined a file for it for network hydrogenPipelineOnshore_lowP
  warn(
/gpfs/home3/scur1696/AdOpT-NET0-RegToNation/adopt_net0/data_management/handle_input_data.py:517: UserWarning: size_max_defined_per_arc==0, but you defined a file for it for network hydrogenPipelineOnshore_highP
  warn(
/gpfs/home3/scur1696/AdOpT-NET0-RegToNation/adopt_net0/data_management/handle_input_data.py:517: UserWarning: size_max_defined_per_arc==0, but you defined a file for it for network hydrogenPipelineOnshore_lowP
  warn(
/gpfs/home3/scur1696/AdOpT-NET0-RegToNation/adopt_net0/data_management/handle_input_data.py:517: UserWarning: size_max_defined_per_arc==0, but you defined a file for it for network hydrogenPipelineOnshore_highP
  warn(
/gpfs/home3/scur1696/AdOpT-NET0-RegToNation/adopt_net0/data_management/handle_input_data.py:517: UserWarning: size_max_defined_per_arc==0, but you defined a file for it for network hydrogenPipelineOnshore_lowP
  warn(
/gpfs/home3/scur1696/AdOpT-NET0-RegToNation/adopt_net0/data_management/handle_input_data.py:517: UserWarning: size_max_defined_per_arc==0, but you defined a file for it for network hydrogenPipelineOnshore_highP
  warn(
Could not create Model - gurobi message=Too many sessions, 5 active sessions for a baseline of 2

Set parameter WLSAccessID
Set parameter WLSSecret
Set parameter LicenseID to value 2729390

Traceback (most recent call last):
  File "/gpfs/home3/scur1696/AdOpT-NET0-RegToNation/adopt_net0/modelhub.py", line 103, in _perform_preprocessing_checks
    solver.solve(mock_model)
    ~~~~~~~~~~~~^^^^^^^^^^^^
  File "/gpfs/home3/scur1696/AdOpT-NET0-RegToNation/venv/lib/python3.13/site-packages/pyomo/solvers/plugins/solvers/direct_solver.py", line 75, in solve
    self.available(exception_flag=True)
    ~~~~~~~~~~~~~~^^^^^^^^^^^^^^^^^^^^^
  File "/gpfs/home3/scur1696/AdOpT-NET0-RegToNation/venv/lib/python3.13/site-packages/pyomo/solvers/plugins/solvers/gurobi_direct.py", line 232, in available
    raise ApplicationError(
    ...<2 lines>...
    )
pyomo.common.errors.ApplicationError: Could not create Model for <class 'pyomo.solvers.plugins.solvers.gurobi_direct.GurobiDirect'> solver plugin - gurobi message=Could not create Model - gurobi message=Too many sessions, 5 active sessions for a baseline of 2

Set parameter WLSAccessID
Set parameter WLSSecret
Set parameter LicenseID to value 2729390


During handling of the above exception, another exception occurred:

Traceback (most recent call last):
  File "/gpfs/home3/scur1696/AdOpT-NET0-RegToNation/generic_node_optimization/multi_node_run_creation_and_gurobi_optimization_parallel.py", line 153, in solve_single_model
    m.quick_solve()
    ~~~~~~~~~~~~~^^
  File "/gpfs/home3/scur1696/AdOpT-NET0-RegToNation/adopt_net0/modelhub.py", line 434, in quick_solve
    self.construct_model()
    ~~~~~~~~~~~~~~~~~~~~^^
  File "/gpfs/home3/scur1696/AdOpT-NET0-RegToNation/adopt_net0/modelhub.py", line 228, in construct_model
    self._perform_preprocessing_checks()
    ~~~~~~~~~~~~~~~~~~~~~~~~~~~~~~~~~~^^
  File "/gpfs/home3/scur1696/AdOpT-NET0-RegToNation/adopt_net0/modelhub.py", line 105, in _perform_preprocessing_checks
    raise Exception(
    ...<6 lines>...
    )
Exception: The solver you are trying to use is not available. This could be due to the following two reasons: (1) it is not implemented (currently AdOpT-NET0 supports gurobi and glpk. (2) If you are using gurobi, make sure that the gurobipy version installed matches the gurobi version installed.
Could not create Model - gurobi message=Too many sessions, 5 active sessions for a baseline of 2

Set parameter WLSAccessID
Set parameter WLSSecret
Set parameter LicenseID to value 2729390

Traceback (most recent call last):
  File "/gpfs/home3/scur1696/AdOpT-NET0-RegToNation/adopt_net0/modelhub.py", line 103, in _perform_preprocessing_checks
    solver.solve(mock_model)
    ~~~~~~~~~~~~^^^^^^^^^^^^
  File "/gpfs/home3/scur1696/AdOpT-NET0-RegToNation/venv/lib/python3.13/site-packages/pyomo/solvers/plugins/solvers/direct_solver.py", line 75, in solve
    self.available(exception_flag=True)
    ~~~~~~~~~~~~~~^^^^^^^^^^^^^^^^^^^^^
  File "/gpfs/home3/scur1696/AdOpT-NET0-RegToNation/venv/lib/python3.13/site-packages/pyomo/solvers/plugins/solvers/gurobi_direct.py", line 232, in available
    raise ApplicationError(
    ...<2 lines>...
    )
pyomo.common.errors.ApplicationError: Could not create Model for <class 'pyomo.solvers.plugins.solvers.gurobi_direct.GurobiDirect'> solver plugin - gurobi message=Could not create Model - gurobi message=Too many sessions, 5 active sessions for a baseline of 2

Set parameter WLSAccessID
Set parameter WLSSecret
Set parameter LicenseID to value 2729390


During handling of the above exception, another exception occurred:

Traceback (most recent call last):
  File "/gpfs/home3/scur1696/AdOpT-NET0-RegToNation/generic_node_optimization/multi_node_run_creation_and_gurobi_optimization_parallel.py", line 153, in solve_single_model
    m.quick_solve()
    ~~~~~~~~~~~~~^^
  File "/gpfs/home3/scur1696/AdOpT-NET0-RegToNation/adopt_net0/modelhub.py", line 434, in quick_solve
    self.construct_model()
    ~~~~~~~~~~~~~~~~~~~~^^
  File "/gpfs/home3/scur1696/AdOpT-NET0-RegToNation/adopt_net0/modelhub.py", line 228, in construct_model
    self._perform_preprocessing_checks()
    ~~~~~~~~~~~~~~~~~~~~~~~~~~~~~~~~~~^^
  File "/gpfs/home3/scur1696/AdOpT-NET0-RegToNation/adopt_net0/modelhub.py", line 105, in _perform_preprocessing_checks
    raise Exception(
    ...<6 lines>...
    )
Exception: The solver you are trying to use is not available. This could be due to the following two reasons: (1) it is not implemented (currently AdOpT-NET0 supports gurobi and glpk. (2) If you are using gurobi, make sure that the gurobipy version installed matches the gurobi version installed.
Could not create Model - gurobi message=Too many sessions, 5 active sessions for a baseline of 2

Set parameter WLSAccessID
Set parameter WLSSecret
Set parameter LicenseID to value 2729390

Traceback (most recent call last):
  File "/gpfs/home3/scur1696/AdOpT-NET0-RegToNation/adopt_net0/modelhub.py", line 103, in _perform_preprocessing_checks
    solver.solve(mock_model)
    ~~~~~~~~~~~~^^^^^^^^^^^^
  File "/gpfs/home3/scur1696/AdOpT-NET0-RegToNation/venv/lib/python3.13/site-packages/pyomo/solvers/plugins/solvers/direct_solver.py", line 75, in solve
    self.available(exception_flag=True)
    ~~~~~~~~~~~~~~^^^^^^^^^^^^^^^^^^^^^
  File "/gpfs/home3/scur1696/AdOpT-NET0-RegToNation/venv/lib/python3.13/site-packages/pyomo/solvers/plugins/solvers/gurobi_direct.py", line 232, in available
    raise ApplicationError(
    ...<2 lines>...
    )
pyomo.common.errors.ApplicationError: Could not create Model for <class 'pyomo.solvers.plugins.solvers.gurobi_direct.GurobiDirect'> solver plugin - gurobi message=Could not create Model - gurobi message=Too many sessions, 5 active sessions for a baseline of 2

Set parameter WLSAccessID
Set parameter WLSSecret
Set parameter LicenseID to value 2729390


During handling of the above exception, another exception occurred:

Traceback (most recent call last):
  File "/gpfs/home3/scur1696/AdOpT-NET0-RegToNation/generic_node_optimization/multi_node_run_creation_and_gurobi_optimization_parallel.py", line 153, in solve_single_model
    m.quick_solve()
    ~~~~~~~~~~~~~^^
  File "/gpfs/home3/scur1696/AdOpT-NET0-RegToNation/adopt_net0/modelhub.py", line 434, in quick_solve
    self.construct_model()
    ~~~~~~~~~~~~~~~~~~~~^^
  File "/gpfs/home3/scur1696/AdOpT-NET0-RegToNation/adopt_net0/modelhub.py", line 228, in construct_model
    self._perform_preprocessing_checks()
    ~~~~~~~~~~~~~~~~~~~~~~~~~~~~~~~~~~^^
  File "/gpfs/home3/scur1696/AdOpT-NET0-RegToNation/adopt_net0/modelhub.py", line 105, in _perform_preprocessing_checks
    raise Exception(
    ...<6 lines>...
    )
Exception: The solver you are trying to use is not available. This could be due to the following two reasons: (1) it is not implemented (currently AdOpT-NET0 supports gurobi and glpk. (2) If you are using gurobi, make sure that the gurobipy version installed matches the gurobi version installed.
Could not create Model - gurobi message=Too many sessions, 5 active sessions for a baseline of 2

Set parameter WLSAccessID
Set parameter WLSSecret
Set parameter LicenseID to value 2729390

Traceback (most recent call last):
  File "/gpfs/home3/scur1696/AdOpT-NET0-RegToNation/adopt_net0/modelhub.py", line 103, in _perform_preprocessing_checks
    solver.solve(mock_model)
    ~~~~~~~~~~~~^^^^^^^^^^^^
  File "/gpfs/home3/scur1696/AdOpT-NET0-RegToNation/venv/lib/python3.13/site-packages/pyomo/solvers/plugins/solvers/direct_solver.py", line 75, in solve
    self.available(exception_flag=True)
    ~~~~~~~~~~~~~~^^^^^^^^^^^^^^^^^^^^^
  File "/gpfs/home3/scur1696/AdOpT-NET0-RegToNation/venv/lib/python3.13/site-packages/pyomo/solvers/plugins/solvers/gurobi_direct.py", line 232, in available
    raise ApplicationError(
    ...<2 lines>...
    )
pyomo.common.errors.ApplicationError: Could not create Model for <class 'pyomo.solvers.plugins.solvers.gurobi_direct.GurobiDirect'> solver plugin - gurobi message=Could not create Model - gurobi message=Too many sessions, 5 active sessions for a baseline of 2

Set parameter WLSAccessID
Set parameter WLSSecret
Set parameter LicenseID to value 2729390


During handling of the above exception, another exception occurred:

Traceback (most recent call last):
  File "/gpfs/home3/scur1696/AdOpT-NET0-RegToNation/generic_node_optimization/multi_node_run_creation_and_gurobi_optimization_parallel.py", line 153, in solve_single_model
    m.quick_solve()
    ~~~~~~~~~~~~~^^
  File "/gpfs/home3/scur1696/AdOpT-NET0-RegToNation/adopt_net0/modelhub.py", line 434, in quick_solve
    self.construct_model()
    ~~~~~~~~~~~~~~~~~~~~^^
  File "/gpfs/home3/scur1696/AdOpT-NET0-RegToNation/adopt_net0/modelhub.py", line 228, in construct_model
    self._perform_preprocessing_checks()
    ~~~~~~~~~~~~~~~~~~~~~~~~~~~~~~~~~~^^
  File "/gpfs/home3/scur1696/AdOpT-NET0-RegToNation/adopt_net0/modelhub.py", line 105, in _perform_preprocessing_checks
    raise Exception(
    ...<6 lines>...
    )
Exception: The solver you are trying to use is not available. This could be due to the following two reasons: (1) it is not implemented (currently AdOpT-NET0 supports gurobi and glpk. (2) If you are using gurobi, make sure that the gurobipy version installed matches the gurobi version installed.
Could not create Model - gurobi message=Too many sessions, 5 active sessions for a baseline of 2

Set parameter WLSAccessID
Set parameter WLSSecret
Set parameter LicenseID to value 2729390

Traceback (most recent call last):
  File "/gpfs/home3/scur1696/AdOpT-NET0-RegToNation/adopt_net0/modelhub.py", line 103, in _perform_preprocessing_checks
    solver.solve(mock_model)
    ~~~~~~~~~~~~^^^^^^^^^^^^
  File "/gpfs/home3/scur1696/AdOpT-NET0-RegToNation/venv/lib/python3.13/site-packages/pyomo/solvers/plugins/solvers/direct_solver.py", line 75, in solve
    self.available(exception_flag=True)
    ~~~~~~~~~~~~~~^^^^^^^^^^^^^^^^^^^^^
  File "/gpfs/home3/scur1696/AdOpT-NET0-RegToNation/venv/lib/python3.13/site-packages/pyomo/solvers/plugins/solvers/gurobi_direct.py", line 232, in available
    raise ApplicationError(
    ...<2 lines>...
    )
pyomo.common.errors.ApplicationError: Could not create Model for <class 'pyomo.solvers.plugins.solvers.gurobi_direct.GurobiDirect'> solver plugin - gurobi message=Could not create Model - gurobi message=Too many sessions, 5 active sessions for a baseline of 2

Set parameter WLSAccessID
Set parameter WLSSecret
Set parameter LicenseID to value 2729390


During handling of the above exception, another exception occurred:

Traceback (most recent call last):
  File "/gpfs/home3/scur1696/AdOpT-NET0-RegToNation/generic_node_optimization/multi_node_run_creation_and_gurobi_optimization_parallel.py", line 153, in solve_single_model
    m.quick_solve()
    ~~~~~~~~~~~~~^^
  File "/gpfs/home3/scur1696/AdOpT-NET0-RegToNation/adopt_net0/modelhub.py", line 434, in quick_solve
    self.construct_model()
    ~~~~~~~~~~~~~~~~~~~~^^
  File "/gpfs/home3/scur1696/AdOpT-NET0-RegToNation/adopt_net0/modelhub.py", line 228, in construct_model
    self._perform_preprocessing_checks()
    ~~~~~~~~~~~~~~~~~~~~~~~~~~~~~~~~~~^^
  File "/gpfs/home3/scur1696/AdOpT-NET0-RegToNation/adopt_net0/modelhub.py", line 105, in _perform_preprocessing_checks
    raise Exception(
    ...<6 lines>...
    )
Exception: The solver you are trying to use is not available. This could be due to the following two reasons: (1) it is not implemented (currently AdOpT-NET0 supports gurobi and glpk. (2) If you are using gurobi, make sure that the gurobipy version installed matches the gurobi version installed.
Could not create Model - gurobi message=Too many sessions, 5 active sessions for a baseline of 2

Set parameter WLSAccessID
Set parameter WLSSecret
Set parameter LicenseID to value 2729390

Traceback (most recent call last):
  File "/gpfs/home3/scur1696/AdOpT-NET0-RegToNation/adopt_net0/modelhub.py", line 103, in _perform_preprocessing_checks
    solver.solve(mock_model)
    ~~~~~~~~~~~~^^^^^^^^^^^^
  File "/gpfs/home3/scur1696/AdOpT-NET0-RegToNation/venv/lib/python3.13/site-packages/pyomo/solvers/plugins/solvers/direct_solver.py", line 75, in solve
    self.available(exception_flag=True)
    ~~~~~~~~~~~~~~^^^^^^^^^^^^^^^^^^^^^
  File "/gpfs/home3/scur1696/AdOpT-NET0-RegToNation/venv/lib/python3.13/site-packages/pyomo/solvers/plugins/solvers/gurobi_direct.py", line 232, in available
    raise ApplicationError(
    ...<2 lines>...
    )
pyomo.common.errors.ApplicationError: Could not create Model for <class 'pyomo.solvers.plugins.solvers.gurobi_direct.GurobiDirect'> solver plugin - gurobi message=Could not create Model - gurobi message=Too many sessions, 5 active sessions for a baseline of 2

Set parameter WLSAccessID
Set parameter WLSSecret
Set parameter LicenseID to value 2729390


During handling of the above exception, another exception occurred:

Traceback (most recent call last):
  File "/gpfs/home3/scur1696/AdOpT-NET0-RegToNation/generic_node_optimization/multi_node_run_creation_and_gurobi_optimization_parallel.py", line 153, in solve_single_model
    m.quick_solve()
    ~~~~~~~~~~~~~^^
  File "/gpfs/home3/scur1696/AdOpT-NET0-RegToNation/adopt_net0/modelhub.py", line 434, in quick_solve
    self.construct_model()
    ~~~~~~~~~~~~~~~~~~~~^^
  File "/gpfs/home3/scur1696/AdOpT-NET0-RegToNation/adopt_net0/modelhub.py", line 228, in construct_model
    self._perform_preprocessing_checks()
    ~~~~~~~~~~~~~~~~~~~~~~~~~~~~~~~~~~^^
  File "/gpfs/home3/scur1696/AdOpT-NET0-RegToNation/adopt_net0/modelhub.py", line 105, in _perform_preprocessing_checks
    raise Exception(
    ...<6 lines>...
    )
Exception: The solver you are trying to use is not available. This could be due to the following two reasons: (1) it is not implemented (currently AdOpT-NET0 supports gurobi and glpk. (2) If you are using gurobi, make sure that the gurobipy version installed matches the gurobi version installed.
/gpfs/home3/scur1696/AdOpT-NET0-RegToNation/adopt_net0/data_management/handle_input_data.py:517: UserWarning: size_max_defined_per_arc==0, but you defined a file for it for network hydrogenPipelineOnshore_lowP
  warn(
/gpfs/home3/scur1696/AdOpT-NET0-RegToNation/adopt_net0/data_management/handle_input_data.py:517: UserWarning: size_max_defined_per_arc==0, but you defined a file for it for network hydrogenPipelineOnshore_highP
  warn(
Could not create Model - gurobi message=Too many sessions, 5 active sessions for a baseline of 2

Set parameter WLSAccessID
Set parameter WLSSecret
Set parameter LicenseID to value 2729390

Traceback (most recent call last):
  File "/gpfs/home3/scur1696/AdOpT-NET0-RegToNation/adopt_net0/modelhub.py", line 103, in _perform_preprocessing_checks
    solver.solve(mock_model)
    ~~~~~~~~~~~~^^^^^^^^^^^^
  File "/gpfs/home3/scur1696/AdOpT-NET0-RegToNation/venv/lib/python3.13/site-packages/pyomo/solvers/plugins/solvers/direct_solver.py", line 75, in solve
    self.available(exception_flag=True)
    ~~~~~~~~~~~~~~^^^^^^^^^^^^^^^^^^^^^
  File "/gpfs/home3/scur1696/AdOpT-NET0-RegToNation/venv/lib/python3.13/site-packages/pyomo/solvers/plugins/solvers/gurobi_direct.py", line 232, in available
    raise ApplicationError(
    ...<2 lines>...
    )
pyomo.common.errors.ApplicationError: Could not create Model for <class 'pyomo.solvers.plugins.solvers.gurobi_direct.GurobiDirect'> solver plugin - gurobi message=Could not create Model - gurobi message=Too many sessions, 5 active sessions for a baseline of 2

Set parameter WLSAccessID
Set parameter WLSSecret
Set parameter LicenseID to value 2729390


During handling of the above exception, another exception occurred:

Traceback (most recent call last):
  File "/gpfs/home3/scur1696/AdOpT-NET0-RegToNation/generic_node_optimization/multi_node_run_creation_and_gurobi_optimization_parallel.py", line 153, in solve_single_model
    m.quick_solve()
    ~~~~~~~~~~~~~^^
  File "/gpfs/home3/scur1696/AdOpT-NET0-RegToNation/adopt_net0/modelhub.py", line 434, in quick_solve
    self.construct_model()
    ~~~~~~~~~~~~~~~~~~~~^^
  File "/gpfs/home3/scur1696/AdOpT-NET0-RegToNation/adopt_net0/modelhub.py", line 228, in construct_model
    self._perform_preprocessing_checks()
    ~~~~~~~~~~~~~~~~~~~~~~~~~~~~~~~~~~^^
  File "/gpfs/home3/scur1696/AdOpT-NET0-RegToNation/adopt_net0/modelhub.py", line 105, in _perform_preprocessing_checks
    raise Exception(
    ...<6 lines>...
    )
Exception: The solver you are trying to use is not available. This could be due to the following two reasons: (1) it is not implemented (currently AdOpT-NET0 supports gurobi and glpk. (2) If you are using gurobi, make sure that the gurobipy version installed matches the gurobi version installed.
